Refreshing run status every 3 seconds. Press Ctrl+C to quit.

* master Build unsigned IPA · 31229473829
Triggered via workflow_dispatch less than a minute ago

JOBS
* build (ID 93030262682)
  ✓ Set up job
  * Run actions/checkout@v4
  * Set active Xcode path
  * Create canonical source directory
  * Build the App
  * Upload unsigned IPA
  * Upload DSYMs
  * Post Run actions/checkout@v4
Refreshing run status every 3 seconds. Press Ctrl+C to quit.

* master Build unsigned IPA · 31229473829
Triggered via workflow_dispatch less than a minute ago

JOBS
* build (ID 93030262682)
  ✓ Set up job
  * Run actions/checkout@v4
  * Set active Xcode path
  * Create canonical source directory
  * Build the App
  * Upload unsigned IPA
  * Upload DSYMs
  * Post Run actions/checkout@v4
Refreshing run status every 3 seconds. Press Ctrl+C to quit.

* master Build unsigned IPA · 31229473829
Triggered via workflow_dispatch less than a minute ago

JOBS
* build (ID 93030262682)
  ✓ Set up job
  * Run actions/checkout@v4
  * Set active Xcode path
  * Create canonical source directory
  * Build the App
  * Upload unsigned IPA
  * Upload DSYMs
  * Post Run actions/checkout@v4
Refreshing run status every 3 seconds. Press Ctrl+C to quit.

* master Build unsigned IPA · 31229473829
Triggered via workflow_dispatch less than a minute ago

JOBS
* build (ID 93030262682)
  ✓ Set up job
  * Run actions/checkout@v4
  * Set active Xcode path
  * Create canonical source directory
  * Build the App
  * Upload unsigned IPA
  * Upload DSYMs
  * Post Run actions/checkout@v4
Refreshing run status every 3 seconds. Press Ctrl+C to quit.

* master Build unsigned IPA · 31229473829
Triggered via workflow_dispatch less than a minute ago

JOBS
* build (ID 93030262682)
  ✓ Set up job
  * Run actions/checkout@v4
  * Set active Xcode path
  * Create canonical source directory
  * Build the App
  * Upload unsigned IPA
  * Upload DSYMs
  * Post Run actions/checkout@v4
Refreshing run status every 3 seconds. Press Ctrl+C to quit.

* master Build unsigned IPA · 31229473829
Triggered via workflow_dispatch less than a minute ago

JOBS
* build (ID 93030262682)
  ✓ Set up job
  * Run actions/checkout@v4
  * Set active Xcode path
  * Create canonical source directory
  * Build the App
  * Upload unsigned IPA
  * Upload DSYMs
  * Post Run actions/checkout@v4
Refreshing run status every 3 seconds. Press Ctrl+C to quit.

* master Build unsigned IPA · 31229473829
Triggered via workflow_dispatch less than a minute ago

JOBS
* build (ID 93030262682)
  ✓ Set up job
  * Run actions/checkout@v4
  * Set active Xcode path
  * Create canonical source directory
  * Build the App
  * Upload unsigned IPA
  * Upload DSYMs
  * Post Run actions/checkout@v4
Refreshing run status every 3 seconds. Press Ctrl+C to quit.

* master Build unsigned IPA · 31229473829
Triggered via workflow_dispatch about 1 minute ago

JOBS
* build (ID 93030262682)
  ✓ Set up job
  * Run actions/checkout@v4
  * Set active Xcode path
  * Create canonical source directory
  * Build the App
  * Upload unsigned IPA
  * Upload DSYMs
  * Post Run actions/checkout@v4
Refreshing run status every 3 seconds. Press Ctrl+C to quit.

* master Build unsigned IPA · 31229473829
Triggered via workflow_dispatch about 1 minute ago

JOBS
* build (ID 93030262682)
  ✓ Set up job
  * Run actions/checkout@v4
  * Set active Xcode path
  * Create canonical source directory
  * Build the App
  * Upload unsigned IPA
  * Upload DSYMs
  * Post Run actions/checkout@v4
Refreshing run status every 3 seconds. Press Ctrl+C to quit.

* master Build unsigned IPA · 31229473829
Triggered via workflow_dispatch about 1 minute ago

JOBS
* build (ID 93030262682)
  ✓ Set up job
  * Run actions/checkout@v4
  * Set active Xcode path
  * Create canonical source directory
  * Build the App
  * Upload unsigned IPA
  * Upload DSYMs
  * Post Run actions/checkout@v4
Refreshing run status every 3 seconds. Press Ctrl+C to quit.

* master Build unsigned IPA · 31229473829
Triggered via workflow_dispatch about 1 minute ago

JOBS
* build (ID 93030262682)
  ✓ Set up job
  * Run actions/checkout@v4
  * Set active Xcode path
  * Create canonical source directory
  * Build the App
  * Upload unsigned IPA
  * Upload DSYMs
  * Post Run actions/checkout@v4
Refreshing run status every 3 seconds. Press Ctrl+C to quit.

* master Build unsigned IPA · 31229473829
Triggered via workflow_dispatch about 1 minute ago

JOBS
* build (ID 93030262682)
  ✓ Set up job
  ✓ Run actions/checkout@v4
  ✓ Set active Xcode path
  * Create canonical source directory
  * Build the App
  * Upload unsigned IPA
  * Upload DSYMs
  * Post Run actions/checkout@v4
Refreshing run status every 3 seconds. Press Ctrl+C to quit.

* master Build unsigned IPA · 31229473829
Triggered via workflow_dispatch about 1 minute ago

JOBS
* build (ID 93030262682)
  ✓ Set up job
  ✓ Run actions/checkout@v4
  ✓ Set active Xcode path
  * Create canonical source directory
  * Build the App
  * Upload unsigned IPA
  * Upload DSYMs
  * Post Run actions/checkout@v4
Refreshing run status every 3 seconds. Press Ctrl+C to quit.

* master Build unsigned IPA · 31229473829
Triggered via workflow_dispatch about 1 minute ago

JOBS
* build (ID 93030262682)
  ✓ Set up job
  ✓ Run actions/checkout@v4
  ✓ Set active Xcode path
  * Create canonical source directory
  * Build the App
  * Upload unsigned IPA
  * Upload DSYMs
  * Post Run actions/checkout@v4
Refreshing run status every 3 seconds. Press Ctrl+C to quit.

* master Build unsigned IPA · 31229473829
Triggered via workflow_dispatch about 1 minute ago

JOBS
* build (ID 93030262682)
  ✓ Set up job
  ✓ Run actions/checkout@v4
  ✓ Set active Xcode path
  * Create canonical source directory
  * Build the App
  * Upload unsigned IPA
  * Upload DSYMs
  * Post Run actions/checkout@v4
Refreshing run status every 3 seconds. Press Ctrl+C to quit.

* master Build unsigned IPA · 31229473829
Triggered via workflow_dispatch about 1 minute ago

JOBS
* build (ID 93030262682)
  ✓ Set up job
  ✓ Run actions/checkout@v4
  ✓ Set active Xcode path
  * Create canonical source directory
  * Build the App
  * Upload unsigned IPA
  * Upload DSYMs
  * Post Run actions/checkout@v4
Refreshing run status every 3 seconds. Press Ctrl+C to quit.

* master Build unsigned IPA · 31229473829
Triggered via workflow_dispatch about 1 minute ago

JOBS
* build (ID 93030262682)
  ✓ Set up job
  ✓ Run actions/checkout@v4
  ✓ Set active Xcode path
  ✓ Create canonical source directory
  * Build the App
  * Upload unsigned IPA
  * Upload DSYMs
  * Post Run actions/checkout@v4
Refreshing run status every 3 seconds. Press Ctrl+C to quit.

* master Build unsigned IPA · 31229473829
Triggered via workflow_dispatch about 1 minute ago

JOBS
* build (ID 93030262682)
  ✓ Set up job
  ✓ Run actions/checkout@v4
  ✓ Set active Xcode path
  ✓ Create canonical source directory
  X Build the App
  - Upload unsigned IPA
  - Upload DSYMs
  ✓ Post Run actions/checkout@v4
  ✓ Complete job
X master Build unsigned IPA · 31229473829
Triggered via workflow_dispatch about 1 minute ago

JOBS
X build in 1m33s (ID 93030262682)
  ✓ Set up job
  ✓ Run actions/checkout@v4
  ✓ Set active Xcode path
  ✓ Create canonical source directory
  X Build the App
  - Upload unsigned IPA
  - Upload DSYMs
  ✓ Post Run actions/checkout@v4
  ✓ Complete job

ANNOTATIONS
! Node.js 20 is deprecated. The following actions target Node.js 20 but are being forced to run on Node.js 24: actions/checkout@v4. For more information see: https://github.blog/changelog/2025-09-19-deprecation-of-node-20-on-github-actions-runners/
build: .github#2

X Process completed with exit code 1.
build: .github#97

